// Jest Snapshot v1, https://goo.gl/fbAQLP

exports[`CharacterList component renders CharacterList 1`] = `
<DocumentFragment>
  <div
    class="dark-mode"
  >
    <ul
      data-testid="characters"
    />
  </div>
</DocumentFragment>
`;
